[2026-04-15 03:53:41 +0000] [104655] [INFO] Running on http://0.0.0.0:5000 (CTRL + C to quit)
[2026-04-15 03:54:22,150] ERROR in app: Exception on request GET /api/state
Traceback (most recent call last):
  File "/home/jules/.pyenv/versions/3.12.13/lib/python3.12/site-packages/redis/asyncio/connection.py", line 371, in connect_check_health
    await self._connect()
  File "/home/jules/.pyenv/versions/3.12.13/lib/python3.12/site-packages/redis/asyncio/connection.py", line 895, in _connect
    reader, writer = await asyncio.open_connection(
                     ^^^^^^^^^^^^^^^^^^^^^^^^^^^^^^
  File "/home/jules/.pyenv/versions/3.12.13/lib/python3.12/asyncio/streams.py", line 48, in open_connection
    transport, _ = await loop.create_connection(
                   ^^^^^^^^^^^^^^^^^^^^^^^^^^^^^
  File "/home/jules/.pyenv/versions/3.12.13/lib/python3.12/asyncio/base_events.py", line 1140, in create_connection
    raise OSError('Multiple exceptions: {}'.format(
OSError: Multiple exceptions: [Errno 111] Connect call failed ('::1', 6379, 0, 0), [Errno 111] Connect call failed ('127.0.0.1', 6379)

During handling of the above exception, another exception occurred:

Traceback (most recent call last):
  File "/home/jules/.pyenv/versions/3.12.13/lib/python3.12/site-packages/quart/app.py", line 1464, in handle_request
    return await self.full_dispatch_request(request_context)
           ^^^^^^^^^^^^^^^^^^^^^^^^^^^^^^^^^^^^^^^^^^^^^^^^^
  File "/home/jules/.pyenv/versions/3.12.13/lib/python3.12/site-packages/quart/app.py", line 1502, in full_dispatch_request
    result = await self.handle_user_exception(error)
             ^^^^^^^^^^^^^^^^^^^^^^^^^^^^^^^^^^^^^^^
  File "/home/jules/.pyenv/versions/3.12.13/lib/python3.12/site-packages/quart/app.py", line 1059, in handle_user_exception
    raise error
  File "/home/jules/.pyenv/versions/3.12.13/lib/python3.12/site-packages/quart/app.py", line 1500, in full_dispatch_request
    result = await self.dispatch_request(request_context)
             ^^^^^^^^^^^^^^^^^^^^^^^^^^^^^^^^^^^^^^^^^^^^
  File "/home/jules/.pyenv/versions/3.12.13/lib/python3.12/site-packages/quart/app.py", line 1597, in dispatch_request
    return await self.ensure_async(handler)(**request_.view_args)  # type: ignore[return-value]
           ^^^^^^^^^^^^^^^^^^^^^^^^^^^^^^^^^^^^^^^^^^^^^^^^^^^^^^
  File "/app/web/main.py", line 60, in state
    living_ids = await repo.list_living()
                 ^^^^^^^^^^^^^^^^^^^^^^^^
  File "/app/storage/redis.py", line 28, in list_living
    members = await self._r.smembers(self._LIVING_SET)
              ^^^^^^^^^^^^^^^^^^^^^^^^^^^^^^^^^^^^^^^^
  File "/home/jules/.pyenv/versions/3.12.13/lib/python3.12/site-packages/redis/asyncio/client.py", line 764, in execute_command
    conn = self.connection or await pool.get_connection()
                              ^^^^^^^^^^^^^^^^^^^^^^^^^^^
  File "/home/jules/.pyenv/versions/3.12.13/lib/python3.12/site-packages/redis/utils.py", line 227, in async_wrapper
    return await func(*args, **kwargs)
           ^^^^^^^^^^^^^^^^^^^^^^^^^^^
  File "/home/jules/.pyenv/versions/3.12.13/lib/python3.12/site-packages/redis/asyncio/connection.py", line 1448, in get_connection
    await self.ensure_connection(connection)
  File "/home/jules/.pyenv/versions/3.12.13/lib/python3.12/site-packages/redis/asyncio/connection.py", line 1489, in ensure_connection
    await connection.connect()
  File "/home/jules/.pyenv/versions/3.12.13/lib/python3.12/site-packages/redis/asyncio/connection.py", line 340, in connect
    await self.retry.call_with_retry(
  File "/home/jules/.pyenv/versions/3.12.13/lib/python3.12/site-packages/redis/asyncio/retry.py", line 81, in call_with_retry
    raise error
  File "/home/jules/.pyenv/versions/3.12.13/lib/python3.12/site-packages/redis/asyncio/retry.py", line 69, in call_with_retry
    return await do()
           ^^^^^^^^^^
  File "/home/jules/.pyenv/versions/3.12.13/lib/python3.12/site-packages/redis/asyncio/connection.py", line 397, in connect_check_health
    raise e
redis.exceptions.ConnectionError: Error Multiple exceptions: [Errno 111] Connect call failed ('::1', 6379, 0, 0), [Errno 111] Connect call failed ('127.0.0.1', 6379) connecting to localhost:6379.
[2026-04-15 03:54:24,130] ERROR in app: Exception on request GET /api/state
Traceback (most recent call last):
  File "/home/jules/.pyenv/versions/3.12.13/lib/python3.12/site-packages/redis/asyncio/connection.py", line 371, in connect_check_health
    await self._connect()
  File "/home/jules/.pyenv/versions/3.12.13/lib/python3.12/site-packages/redis/asyncio/connection.py", line 895, in _connect
    reader, writer = await asyncio.open_connection(
                     ^^^^^^^^^^^^^^^^^^^^^^^^^^^^^^
  File "/home/jules/.pyenv/versions/3.12.13/lib/python3.12/asyncio/streams.py", line 48, in open_connection
    transport, _ = await loop.create_connection(
                   ^^^^^^^^^^^^^^^^^^^^^^^^^^^^^
  File "/home/jules/.pyenv/versions/3.12.13/lib/python3.12/asyncio/base_events.py", line 1140, in create_connection
    raise OSError('Multiple exceptions: {}'.format(
OSError: Multiple exceptions: [Errno 111] Connect call failed ('::1', 6379, 0, 0), [Errno 111] Connect call failed ('127.0.0.1', 6379)

During handling of the above exception, another exception occurred:

Traceback (most recent call last):
  File "/home/jules/.pyenv/versions/3.12.13/lib/python3.12/site-packages/quart/app.py", line 1464, in handle_request
    return await self.full_dispatch_request(request_context)
           ^^^^^^^^^^^^^^^^^^^^^^^^^^^^^^^^^^^^^^^^^^^^^^^^^
  File "/home/jules/.pyenv/versions/3.12.13/lib/python3.12/site-packages/quart/app.py", line 1502, in full_dispatch_request
    result = await self.handle_user_exception(error)
             ^^^^^^^^^^^^^^^^^^^^^^^^^^^^^^^^^^^^^^^
  File "/home/jules/.pyenv/versions/3.12.13/lib/python3.12/site-packages/quart/app.py", line 1059, in handle_user_exception
    raise error
  File "/home/jules/.pyenv/versions/3.12.13/lib/python3.12/site-packages/quart/app.py", line 1500, in full_dispatch_request
    result = await self.dispatch_request(request_context)
             ^^^^^^^^^^^^^^^^^^^^^^^^^^^^^^^^^^^^^^^^^^^^
  File "/home/jules/.pyenv/versions/3.12.13/lib/python3.12/site-packages/quart/app.py", line 1597, in dispatch_request
    return await self.ensure_async(handler)(**request_.view_args)  # type: ignore[return-value]
           ^^^^^^^^^^^^^^^^^^^^^^^^^^^^^^^^^^^^^^^^^^^^^^^^^^^^^^
  File "/app/web/main.py", line 60, in state
    living_ids = await repo.list_living()
                 ^^^^^^^^^^^^^^^^^^^^^^^^
  File "/app/storage/redis.py", line 28, in list_living
    members = await self._r.smembers(self._LIVING_SET)
              ^^^^^^^^^^^^^^^^^^^^^^^^^^^^^^^^^^^^^^^^
  File "/home/jules/.pyenv/versions/3.12.13/lib/python3.12/site-packages/redis/asyncio/client.py", line 764, in execute_command
    conn = self.connection or await pool.get_connection()
                              ^^^^^^^^^^^^^^^^^^^^^^^^^^^
  File "/home/jules/.pyenv/versions/3.12.13/lib/python3.12/site-packages/redis/utils.py", line 227, in async_wrapper
    return await func(*args, **kwargs)
           ^^^^^^^^^^^^^^^^^^^^^^^^^^^
  File "/home/jules/.pyenv/versions/3.12.13/lib/python3.12/site-packages/redis/asyncio/connection.py", line 1448, in get_connection
    await self.ensure_connection(connection)
  File "/home/jules/.pyenv/versions/3.12.13/lib/python3.12/site-packages/redis/asyncio/connection.py", line 1489, in ensure_connection
    await connection.connect()
  File "/home/jules/.pyenv/versions/3.12.13/lib/python3.12/site-packages/redis/asyncio/connection.py", line 340, in connect
    await self.retry.call_with_retry(
  File "/home/jules/.pyenv/versions/3.12.13/lib/python3.12/site-packages/redis/asyncio/retry.py", line 81, in call_with_retry
    raise error
  File "/home/jules/.pyenv/versions/3.12.13/lib/python3.12/site-packages/redis/asyncio/retry.py", line 69, in call_with_retry
    return await do()
           ^^^^^^^^^^
  File "/home/jules/.pyenv/versions/3.12.13/lib/python3.12/site-packages/redis/asyncio/connection.py", line 397, in connect_check_health
    raise e
redis.exceptions.ConnectionError: Error Multiple exceptions: [Errno 111] Connect call failed ('::1', 6379, 0, 0), [Errno 111] Connect call failed ('127.0.0.1', 6379) connecting to localhost:6379.
[2026-04-15 03:57:32,007] ERROR in app: Exception on request GET /api/state
Traceback (most recent call last):
  File "/home/jules/.pyenv/versions/3.12.13/lib/python3.12/site-packages/redis/asyncio/connection.py", line 371, in connect_check_health
    await self._connect()
  File "/home/jules/.pyenv/versions/3.12.13/lib/python3.12/site-packages/redis/asyncio/connection.py", line 895, in _connect
    reader, writer = await asyncio.open_connection(
                     ^^^^^^^^^^^^^^^^^^^^^^^^^^^^^^
  File "/home/jules/.pyenv/versions/3.12.13/lib/python3.12/asyncio/streams.py", line 48, in open_connection
    transport, _ = await loop.create_connection(
                   ^^^^^^^^^^^^^^^^^^^^^^^^^^^^^
  File "/home/jules/.pyenv/versions/3.12.13/lib/python3.12/asyncio/base_events.py", line 1140, in create_connection
    raise OSError('Multiple exceptions: {}'.format(
OSError: Multiple exceptions: [Errno 111] Connect call failed ('::1', 6379, 0, 0), [Errno 111] Connect call failed ('127.0.0.1', 6379)

During handling of the above exception, another exception occurred:

Traceback (most recent call last):
  File "/home/jules/.pyenv/versions/3.12.13/lib/python3.12/site-packages/quart/app.py", line 1464, in handle_request
    return await self.full_dispatch_request(request_context)
           ^^^^^^^^^^^^^^^^^^^^^^^^^^^^^^^^^^^^^^^^^^^^^^^^^
  File "/home/jules/.pyenv/versions/3.12.13/lib/python3.12/site-packages/quart/app.py", line 1502, in full_dispatch_request
    result = await self.handle_user_exception(error)
             ^^^^^^^^^^^^^^^^^^^^^^^^^^^^^^^^^^^^^^^
  File "/home/jules/.pyenv/versions/3.12.13/lib/python3.12/site-packages/quart/app.py", line 1059, in handle_user_exception
    raise error
  File "/home/jules/.pyenv/versions/3.12.13/lib/python3.12/site-packages/quart/app.py", line 1500, in full_dispatch_request
    result = await self.dispatch_request(request_context)
             ^^^^^^^^^^^^^^^^^^^^^^^^^^^^^^^^^^^^^^^^^^^^
  File "/home/jules/.pyenv/versions/3.12.13/lib/python3.12/site-packages/quart/app.py", line 1597, in dispatch_request
    return await self.ensure_async(handler)(**request_.view_args)  # type: ignore[return-value]
           ^^^^^^^^^^^^^^^^^^^^^^^^^^^^^^^^^^^^^^^^^^^^^^^^^^^^^^
  File "/app/web/main.py", line 60, in state
    living_ids = await repo.list_living()
                 ^^^^^^^^^^^^^^^^^^^^^^^^
  File "/app/storage/redis.py", line 28, in list_living
    members = await self._r.smembers(self._LIVING_SET)
              ^^^^^^^^^^^^^^^^^^^^^^^^^^^^^^^^^^^^^^^^
  File "/home/jules/.pyenv/versions/3.12.13/lib/python3.12/site-packages/redis/asyncio/client.py", line 764, in execute_command
    conn = self.connection or await pool.get_connection()
                              ^^^^^^^^^^^^^^^^^^^^^^^^^^^
  File "/home/jules/.pyenv/versions/3.12.13/lib/python3.12/site-packages/redis/utils.py", line 227, in async_wrapper
    return await func(*args, **kwargs)
           ^^^^^^^^^^^^^^^^^^^^^^^^^^^
  File "/home/jules/.pyenv/versions/3.12.13/lib/python3.12/site-packages/redis/asyncio/connection.py", line 1448, in get_connection
    await self.ensure_connection(connection)
  File "/home/jules/.pyenv/versions/3.12.13/lib/python3.12/site-packages/redis/asyncio/connection.py", line 1489, in ensure_connection
    await connection.connect()
  File "/home/jules/.pyenv/versions/3.12.13/lib/python3.12/site-packages/redis/asyncio/connection.py", line 340, in connect
    await self.retry.call_with_retry(
  File "/home/jules/.pyenv/versions/3.12.13/lib/python3.12/site-packages/redis/asyncio/retry.py", line 81, in call_with_retry
    raise error
  File "/home/jules/.pyenv/versions/3.12.13/lib/python3.12/site-packages/redis/asyncio/retry.py", line 69, in call_with_retry
    return await do()
           ^^^^^^^^^^
  File "/home/jules/.pyenv/versions/3.12.13/lib/python3.12/site-packages/redis/asyncio/connection.py", line 397, in connect_check_health
    raise e
redis.exceptions.ConnectionError: Error Multiple exceptions: [Errno 111] Connect call failed ('::1', 6379, 0, 0), [Errno 111] Connect call failed ('127.0.0.1', 6379) connecting to localhost:6379.
[2026-04-15 03:57:34,007] ERROR in app: Exception on request GET /api/state
Traceback (most recent call last):
  File "/home/jules/.pyenv/versions/3.12.13/lib/python3.12/site-packages/redis/asyncio/connection.py", line 371, in connect_check_health
    await self._connect()
  File "/home/jules/.pyenv/versions/3.12.13/lib/python3.12/site-packages/redis/asyncio/connection.py", line 895, in _connect
    reader, writer = await asyncio.open_connection(
                     ^^^^^^^^^^^^^^^^^^^^^^^^^^^^^^
  File "/home/jules/.pyenv/versions/3.12.13/lib/python3.12/asyncio/streams.py", line 48, in open_connection
    transport, _ = await loop.create_connection(
                   ^^^^^^^^^^^^^^^^^^^^^^^^^^^^^
  File "/home/jules/.pyenv/versions/3.12.13/lib/python3.12/asyncio/base_events.py", line 1140, in create_connection
    raise OSError('Multiple exceptions: {}'.format(
OSError: Multiple exceptions: [Errno 111] Connect call failed ('::1', 6379, 0, 0), [Errno 111] Connect call failed ('127.0.0.1', 6379)

During handling of the above exception, another exception occurred:

Traceback (most recent call last):
  File "/home/jules/.pyenv/versions/3.12.13/lib/python3.12/site-packages/quart/app.py", line 1464, in handle_request
    return await self.full_dispatch_request(request_context)
           ^^^^^^^^^^^^^^^^^^^^^^^^^^^^^^^^^^^^^^^^^^^^^^^^^
  File "/home/jules/.pyenv/versions/3.12.13/lib/python3.12/site-packages/quart/app.py", line 1502, in full_dispatch_request
    result = await self.handle_user_exception(error)
             ^^^^^^^^^^^^^^^^^^^^^^^^^^^^^^^^^^^^^^^
  File "/home/jules/.pyenv/versions/3.12.13/lib/python3.12/site-packages/quart/app.py", line 1059, in handle_user_exception
    raise error
  File "/home/jules/.pyenv/versions/3.12.13/lib/python3.12/site-packages/quart/app.py", line 1500, in full_dispatch_request
    result = await self.dispatch_request(request_context)
             ^^^^^^^^^^^^^^^^^^^^^^^^^^^^^^^^^^^^^^^^^^^^
  File "/home/jules/.pyenv/versions/3.12.13/lib/python3.12/site-packages/quart/app.py", line 1597, in dispatch_request
    return await self.ensure_async(handler)(**request_.view_args)  # type: ignore[return-value]
           ^^^^^^^^^^^^^^^^^^^^^^^^^^^^^^^^^^^^^^^^^^^^^^^^^^^^^^
  File "/app/web/main.py", line 60, in state
    living_ids = await repo.list_living()
                 ^^^^^^^^^^^^^^^^^^^^^^^^
  File "/app/storage/redis.py", line 28, in list_living
    members = await self._r.smembers(self._LIVING_SET)
              ^^^^^^^^^^^^^^^^^^^^^^^^^^^^^^^^^^^^^^^^
  File "/home/jules/.pyenv/versions/3.12.13/lib/python3.12/site-packages/redis/asyncio/client.py", line 764, in execute_command
    conn = self.connection or await pool.get_connection()
                              ^^^^^^^^^^^^^^^^^^^^^^^^^^^
  File "/home/jules/.pyenv/versions/3.12.13/lib/python3.12/site-packages/redis/utils.py", line 227, in async_wrapper
    return await func(*args, **kwargs)
           ^^^^^^^^^^^^^^^^^^^^^^^^^^^
  File "/home/jules/.pyenv/versions/3.12.13/lib/python3.12/site-packages/redis/asyncio/connection.py", line 1448, in get_connection
    await self.ensure_connection(connection)
  File "/home/jules/.pyenv/versions/3.12.13/lib/python3.12/site-packages/redis/asyncio/connection.py", line 1489, in ensure_connection
    await connection.connect()
  File "/home/jules/.pyenv/versions/3.12.13/lib/python3.12/site-packages/redis/asyncio/connection.py", line 340, in connect
    await self.retry.call_with_retry(
  File "/home/jules/.pyenv/versions/3.12.13/lib/python3.12/site-packages/redis/asyncio/retry.py", line 81, in call_with_retry
    raise error
  File "/home/jules/.pyenv/versions/3.12.13/lib/python3.12/site-packages/redis/asyncio/retry.py", line 69, in call_with_retry
    return await do()
           ^^^^^^^^^^
  File "/home/jules/.pyenv/versions/3.12.13/lib/python3.12/site-packages/redis/asyncio/connection.py", line 397, in connect_check_health
    raise e
redis.exceptions.ConnectionError: Error Multiple exceptions: [Errno 111] Connect call failed ('::1', 6379, 0, 0), [Errno 111] Connect call failed ('127.0.0.1', 6379) connecting to localhost:6379.
[2026-04-15 03:57:36,013] ERROR in app: Exception on request GET /api/state
Traceback (most recent call last):
  File "/home/jules/.pyenv/versions/3.12.13/lib/python3.12/site-packages/redis/asyncio/connection.py", line 371, in connect_check_health
    await self._connect()
  File "/home/jules/.pyenv/versions/3.12.13/lib/python3.12/site-packages/redis/asyncio/connection.py", line 895, in _connect
    reader, writer = await asyncio.open_connection(
                     ^^^^^^^^^^^^^^^^^^^^^^^^^^^^^^
  File "/home/jules/.pyenv/versions/3.12.13/lib/python3.12/asyncio/streams.py", line 48, in open_connection
    transport, _ = await loop.create_connection(
                   ^^^^^^^^^^^^^^^^^^^^^^^^^^^^^
  File "/home/jules/.pyenv/versions/3.12.13/lib/python3.12/asyncio/base_events.py", line 1140, in create_connection
    raise OSError('Multiple exceptions: {}'.format(
OSError: Multiple exceptions: [Errno 111] Connect call failed ('::1', 6379, 0, 0), [Errno 111] Connect call failed ('127.0.0.1', 6379)

During handling of the above exception, another exception occurred:

Traceback (most recent call last):
  File "/home/jules/.pyenv/versions/3.12.13/lib/python3.12/site-packages/quart/app.py", line 1464, in handle_request
    return await self.full_dispatch_request(request_context)
           ^^^^^^^^^^^^^^^^^^^^^^^^^^^^^^^^^^^^^^^^^^^^^^^^^
  File "/home/jules/.pyenv/versions/3.12.13/lib/python3.12/site-packages/quart/app.py", line 1502, in full_dispatch_request
    result = await self.handle_user_exception(error)
             ^^^^^^^^^^^^^^^^^^^^^^^^^^^^^^^^^^^^^^^
  File "/home/jules/.pyenv/versions/3.12.13/lib/python3.12/site-packages/quart/app.py", line 1059, in handle_user_exception
    raise error
  File "/home/jules/.pyenv/versions/3.12.13/lib/python3.12/site-packages/quart/app.py", line 1500, in full_dispatch_request
    result = await self.dispatch_request(request_context)
             ^^^^^^^^^^^^^^^^^^^^^^^^^^^^^^^^^^^^^^^^^^^^
  File "/home/jules/.pyenv/versions/3.12.13/lib/python3.12/site-packages/quart/app.py", line 1597, in dispatch_request
    return await self.ensure_async(handler)(**request_.view_args)  # type: ignore[return-value]
           ^^^^^^^^^^^^^^^^^^^^^^^^^^^^^^^^^^^^^^^^^^^^^^^^^^^^^^
  File "/app/web/main.py", line 60, in state
    living_ids = await repo.list_living()
                 ^^^^^^^^^^^^^^^^^^^^^^^^
  File "/app/storage/redis.py", line 28, in list_living
    members = await self._r.smembers(self._LIVING_SET)
              ^^^^^^^^^^^^^^^^^^^^^^^^^^^^^^^^^^^^^^^^
  File "/home/jules/.pyenv/versions/3.12.13/lib/python3.12/site-packages/redis/asyncio/client.py", line 764, in execute_command
    conn = self.connection or await pool.get_connection()
                              ^^^^^^^^^^^^^^^^^^^^^^^^^^^
  File "/home/jules/.pyenv/versions/3.12.13/lib/python3.12/site-packages/redis/utils.py", line 227, in async_wrapper
    return await func(*args, **kwargs)
           ^^^^^^^^^^^^^^^^^^^^^^^^^^^
  File "/home/jules/.pyenv/versions/3.12.13/lib/python3.12/site-packages/redis/asyncio/connection.py", line 1448, in get_connection
    await self.ensure_connection(connection)
  File "/home/jules/.pyenv/versions/3.12.13/lib/python3.12/site-packages/redis/asyncio/connection.py", line 1489, in ensure_connection
    await connection.connect()
  File "/home/jules/.pyenv/versions/3.12.13/lib/python3.12/site-packages/redis/asyncio/connection.py", line 340, in connect
    await self.retry.call_with_retry(
  File "/home/jules/.pyenv/versions/3.12.13/lib/python3.12/site-packages/redis/asyncio/retry.py", line 81, in call_with_retry
    raise error
  File "/home/jules/.pyenv/versions/3.12.13/lib/python3.12/site-packages/redis/asyncio/retry.py", line 69, in call_with_retry
    return await do()
           ^^^^^^^^^^
  File "/home/jules/.pyenv/versions/3.12.13/lib/python3.12/site-packages/redis/asyncio/connection.py", line 397, in connect_check_health
    raise e
redis.exceptions.ConnectionError: Error Multiple exceptions: [Errno 111] Connect call failed ('::1', 6379, 0, 0), [Errno 111] Connect call failed ('127.0.0.1', 6379) connecting to localhost:6379.
[2026-04-15 03:57:38,006] ERROR in app: Exception on request GET /api/state
Traceback (most recent call last):
  File "/home/jules/.pyenv/versions/3.12.13/lib/python3.12/site-packages/redis/asyncio/connection.py", line 371, in connect_check_health
    await self._connect()
  File "/home/jules/.pyenv/versions/3.12.13/lib/python3.12/site-packages/redis/asyncio/connection.py", line 895, in _connect
    reader, writer = await asyncio.open_connection(
                     ^^^^^^^^^^^^^^^^^^^^^^^^^^^^^^
  File "/home/jules/.pyenv/versions/3.12.13/lib/python3.12/asyncio/streams.py", line 48, in open_connection
    transport, _ = await loop.create_connection(
                   ^^^^^^^^^^^^^^^^^^^^^^^^^^^^^
  File "/home/jules/.pyenv/versions/3.12.13/lib/python3.12/asyncio/base_events.py", line 1140, in create_connection
    raise OSError('Multiple exceptions: {}'.format(
OSError: Multiple exceptions: [Errno 111] Connect call failed ('::1', 6379, 0, 0), [Errno 111] Connect call failed ('127.0.0.1', 6379)

During handling of the above exception, another exception occurred:

Traceback (most recent call last):
  File "/home/jules/.pyenv/versions/3.12.13/lib/python3.12/site-packages/quart/app.py", line 1464, in handle_request
    return await self.full_dispatch_request(request_context)
           ^^^^^^^^^^^^^^^^^^^^^^^^^^^^^^^^^^^^^^^^^^^^^^^^^
  File "/home/jules/.pyenv/versions/3.12.13/lib/python3.12/site-packages/quart/app.py", line 1502, in full_dispatch_request
    result = await self.handle_user_exception(error)
             ^^^^^^^^^^^^^^^^^^^^^^^^^^^^^^^^^^^^^^^
  File "/home/jules/.pyenv/versions/3.12.13/lib/python3.12/site-packages/quart/app.py", line 1059, in handle_user_exception
    raise error
  File "/home/jules/.pyenv/versions/3.12.13/lib/python3.12/site-packages/quart/app.py", line 1500, in full_dispatch_request
    result = await self.dispatch_request(request_context)
             ^^^^^^^^^^^^^^^^^^^^^^^^^^^^^^^^^^^^^^^^^^^^
  File "/home/jules/.pyenv/versions/3.12.13/lib/python3.12/site-packages/quart/app.py", line 1597, in dispatch_request
    return await self.ensure_async(handler)(**request_.view_args)  # type: ignore[return-value]
           ^^^^^^^^^^^^^^^^^^^^^^^^^^^^^^^^^^^^^^^^^^^^^^^^^^^^^^
  File "/app/web/main.py", line 60, in state
    living_ids = await repo.list_living()
                 ^^^^^^^^^^^^^^^^^^^^^^^^
  File "/app/storage/redis.py", line 28, in list_living
    members = await self._r.smembers(self._LIVING_SET)
              ^^^^^^^^^^^^^^^^^^^^^^^^^^^^^^^^^^^^^^^^
  File "/home/jules/.pyenv/versions/3.12.13/lib/python3.12/site-packages/redis/asyncio/client.py", line 764, in execute_command
    conn = self.connection or await pool.get_connection()
                              ^^^^^^^^^^^^^^^^^^^^^^^^^^^
  File "/home/jules/.pyenv/versions/3.12.13/lib/python3.12/site-packages/redis/utils.py", line 227, in async_wrapper
    return await func(*args, **kwargs)
           ^^^^^^^^^^^^^^^^^^^^^^^^^^^
  File "/home/jules/.pyenv/versions/3.12.13/lib/python3.12/site-packages/redis/asyncio/connection.py", line 1448, in get_connection
    await self.ensure_connection(connection)
  File "/home/jules/.pyenv/versions/3.12.13/lib/python3.12/site-packages/redis/asyncio/connection.py", line 1489, in ensure_connection
    await connection.connect()
  File "/home/jules/.pyenv/versions/3.12.13/lib/python3.12/site-packages/redis/asyncio/connection.py", line 340, in connect
    await self.retry.call_with_retry(
  File "/home/jules/.pyenv/versions/3.12.13/lib/python3.12/site-packages/redis/asyncio/retry.py", line 81, in call_with_retry
    raise error
  File "/home/jules/.pyenv/versions/3.12.13/lib/python3.12/site-packages/redis/asyncio/retry.py", line 69, in call_with_retry
    return await do()
           ^^^^^^^^^^
  File "/home/jules/.pyenv/versions/3.12.13/lib/python3.12/site-packages/redis/asyncio/connection.py", line 397, in connect_check_health
    raise e
redis.exceptions.ConnectionError: Error Multiple exceptions: [Errno 111] Connect call failed ('::1', 6379, 0, 0), [Errno 111] Connect call failed ('127.0.0.1', 6379) connecting to localhost:6379.
[2026-04-15 03:57:40,006] ERROR in app: Exception on request GET /api/state
Traceback (most recent call last):
  File "/home/jules/.pyenv/versions/3.12.13/lib/python3.12/site-packages/redis/asyncio/connection.py", line 371, in connect_check_health
    await self._connect()
  File "/home/jules/.pyenv/versions/3.12.13/lib/python3.12/site-packages/redis/asyncio/connection.py", line 895, in _connect
    reader, writer = await asyncio.open_connection(
                     ^^^^^^^^^^^^^^^^^^^^^^^^^^^^^^
  File "/home/jules/.pyenv/versions/3.12.13/lib/python3.12/asyncio/streams.py", line 48, in open_connection
    transport, _ = await loop.create_connection(
                   ^^^^^^^^^^^^^^^^^^^^^^^^^^^^^
  File "/home/jules/.pyenv/versions/3.12.13/lib/python3.12/asyncio/base_events.py", line 1140, in create_connection
    raise OSError('Multiple exceptions: {}'.format(
OSError: Multiple exceptions: [Errno 111] Connect call failed ('::1', 6379, 0, 0), [Errno 111] Connect call failed ('127.0.0.1', 6379)

During handling of the above exception, another exception occurred:

Traceback (most recent call last):
  File "/home/jules/.pyenv/versions/3.12.13/lib/python3.12/site-packages/quart/app.py", line 1464, in handle_request
    return await self.full_dispatch_request(request_context)
           ^^^^^^^^^^^^^^^^^^^^^^^^^^^^^^^^^^^^^^^^^^^^^^^^^
  File "/home/jules/.pyenv/versions/3.12.13/lib/python3.12/site-packages/quart/app.py", line 1502, in full_dispatch_request
    result = await self.handle_user_exception(error)
             ^^^^^^^^^^^^^^^^^^^^^^^^^^^^^^^^^^^^^^^
  File "/home/jules/.pyenv/versions/3.12.13/lib/python3.12/site-packages/quart/app.py", line 1059, in handle_user_exception
    raise error
  File "/home/jules/.pyenv/versions/3.12.13/lib/python3.12/site-packages/quart/app.py", line 1500, in full_dispatch_request
    result = await self.dispatch_request(request_context)
             ^^^^^^^^^^^^^^^^^^^^^^^^^^^^^^^^^^^^^^^^^^^^
  File "/home/jules/.pyenv/versions/3.12.13/lib/python3.12/site-packages/quart/app.py", line 1597, in dispatch_request
    return await self.ensure_async(handler)(**request_.view_args)  # type: ignore[return-value]
           ^^^^^^^^^^^^^^^^^^^^^^^^^^^^^^^^^^^^^^^^^^^^^^^^^^^^^^
  File "/app/web/main.py", line 60, in state
    living_ids = await repo.list_living()
                 ^^^^^^^^^^^^^^^^^^^^^^^^
  File "/app/storage/redis.py", line 28, in list_living
    members = await self._r.smembers(self._LIVING_SET)
              ^^^^^^^^^^^^^^^^^^^^^^^^^^^^^^^^^^^^^^^^
  File "/home/jules/.pyenv/versions/3.12.13/lib/python3.12/site-packages/redis/asyncio/client.py", line 764, in execute_command
    conn = self.connection or await pool.get_connection()
                              ^^^^^^^^^^^^^^^^^^^^^^^^^^^
  File "/home/jules/.pyenv/versions/3.12.13/lib/python3.12/site-packages/redis/utils.py", line 227, in async_wrapper
    return await func(*args, **kwargs)
           ^^^^^^^^^^^^^^^^^^^^^^^^^^^
  File "/home/jules/.pyenv/versions/3.12.13/lib/python3.12/site-packages/redis/asyncio/connection.py", line 1448, in get_connection
    await self.ensure_connection(connection)
  File "/home/jules/.pyenv/versions/3.12.13/lib/python3.12/site-packages/redis/asyncio/connection.py", line 1489, in ensure_connection
    await connection.connect()
  File "/home/jules/.pyenv/versions/3.12.13/lib/python3.12/site-packages/redis/asyncio/connection.py", line 340, in connect
    await self.retry.call_with_retry(
  File "/home/jules/.pyenv/versions/3.12.13/lib/python3.12/site-packages/redis/asyncio/retry.py", line 81, in call_with_retry
    raise error
  File "/home/jules/.pyenv/versions/3.12.13/lib/python3.12/site-packages/redis/asyncio/retry.py", line 69, in call_with_retry
    return await do()
           ^^^^^^^^^^
  File "/home/jules/.pyenv/versions/3.12.13/lib/python3.12/site-packages/redis/asyncio/connection.py", line 397, in connect_check_health
    raise e
redis.exceptions.ConnectionError: Error Multiple exceptions: [Errno 111] Connect call failed ('::1', 6379, 0, 0), [Errno 111] Connect call failed ('127.0.0.1', 6379) connecting to localhost:6379.
[2026-04-15 03:57:42,006] ERROR in app: Exception on request GET /api/state
Traceback (most recent call last):
  File "/home/jules/.pyenv/versions/3.12.13/lib/python3.12/site-packages/redis/asyncio/connection.py", line 371, in connect_check_health
    await self._connect()
  File "/home/jules/.pyenv/versions/3.12.13/lib/python3.12/site-packages/redis/asyncio/connection.py", line 895, in _connect
    reader, writer = await asyncio.open_connection(
                     ^^^^^^^^^^^^^^^^^^^^^^^^^^^^^^
  File "/home/jules/.pyenv/versions/3.12.13/lib/python3.12/asyncio/streams.py", line 48, in open_connection
    transport, _ = await loop.create_connection(
                   ^^^^^^^^^^^^^^^^^^^^^^^^^^^^^
  File "/home/jules/.pyenv/versions/3.12.13/lib/python3.12/asyncio/base_events.py", line 1140, in create_connection
    raise OSError('Multiple exceptions: {}'.format(
OSError: Multiple exceptions: [Errno 111] Connect call failed ('::1', 6379, 0, 0), [Errno 111] Connect call failed ('127.0.0.1', 6379)

During handling of the above exception, another exception occurred:

Traceback (most recent call last):
  File "/home/jules/.pyenv/versions/3.12.13/lib/python3.12/site-packages/quart/app.py", line 1464, in handle_request
    return await self.full_dispatch_request(request_context)
           ^^^^^^^^^^^^^^^^^^^^^^^^^^^^^^^^^^^^^^^^^^^^^^^^^
  File "/home/jules/.pyenv/versions/3.12.13/lib/python3.12/site-packages/quart/app.py", line 1502, in full_dispatch_request
    result = await self.handle_user_exception(error)
             ^^^^^^^^^^^^^^^^^^^^^^^^^^^^^^^^^^^^^^^
  File "/home/jules/.pyenv/versions/3.12.13/lib/python3.12/site-packages/quart/app.py", line 1059, in handle_user_exception
    raise error
  File "/home/jules/.pyenv/versions/3.12.13/lib/python3.12/site-packages/quart/app.py", line 1500, in full_dispatch_request
    result = await self.dispatch_request(request_context)
             ^^^^^^^^^^^^^^^^^^^^^^^^^^^^^^^^^^^^^^^^^^^^
  File "/home/jules/.pyenv/versions/3.12.13/lib/python3.12/site-packages/quart/app.py", line 1597, in dispatch_request
    return await self.ensure_async(handler)(**request_.view_args)  # type: ignore[return-value]
           ^^^^^^^^^^^^^^^^^^^^^^^^^^^^^^^^^^^^^^^^^^^^^^^^^^^^^^
  File "/app/web/main.py", line 60, in state
    living_ids = await repo.list_living()
                 ^^^^^^^^^^^^^^^^^^^^^^^^
  File "/app/storage/redis.py", line 28, in list_living
    members = await self._r.smembers(self._LIVING_SET)
              ^^^^^^^^^^^^^^^^^^^^^^^^^^^^^^^^^^^^^^^^
  File "/home/jules/.pyenv/versions/3.12.13/lib/python3.12/site-packages/redis/asyncio/client.py", line 764, in execute_command
    conn = self.connection or await pool.get_connection()
                              ^^^^^^^^^^^^^^^^^^^^^^^^^^^
  File "/home/jules/.pyenv/versions/3.12.13/lib/python3.12/site-packages/redis/utils.py", line 227, in async_wrapper
    return await func(*args, **kwargs)
           ^^^^^^^^^^^^^^^^^^^^^^^^^^^
  File "/home/jules/.pyenv/versions/3.12.13/lib/python3.12/site-packages/redis/asyncio/connection.py", line 1448, in get_connection
    await self.ensure_connection(connection)
  File "/home/jules/.pyenv/versions/3.12.13/lib/python3.12/site-packages/redis/asyncio/connection.py", line 1489, in ensure_connection
    await connection.connect()
  File "/home/jules/.pyenv/versions/3.12.13/lib/python3.12/site-packages/redis/asyncio/connection.py", line 340, in connect
    await self.retry.call_with_retry(
  File "/home/jules/.pyenv/versions/3.12.13/lib/python3.12/site-packages/redis/asyncio/retry.py", line 81, in call_with_retry
    raise error
  File "/home/jules/.pyenv/versions/3.12.13/lib/python3.12/site-packages/redis/asyncio/retry.py", line 69, in call_with_retry
    return await do()
           ^^^^^^^^^^
  File "/home/jules/.pyenv/versions/3.12.13/lib/python3.12/site-packages/redis/asyncio/connection.py", line 397, in connect_check_health
    raise e
redis.exceptions.ConnectionError: Error Multiple exceptions: [Errno 111] Connect call failed ('::1', 6379, 0, 0), [Errno 111] Connect call failed ('127.0.0.1', 6379) connecting to localhost:6379.
[2026-04-15 03:57:44,006] ERROR in app: Exception on request GET /api/state
Traceback (most recent call last):
  File "/home/jules/.pyenv/versions/3.12.13/lib/python3.12/site-packages/redis/asyncio/connection.py", line 371, in connect_check_health
    await self._connect()
  File "/home/jules/.pyenv/versions/3.12.13/lib/python3.12/site-packages/redis/asyncio/connection.py", line 895, in _connect
    reader, writer = await asyncio.open_connection(
                     ^^^^^^^^^^^^^^^^^^^^^^^^^^^^^^
  File "/home/jules/.pyenv/versions/3.12.13/lib/python3.12/asyncio/streams.py", line 48, in open_connection
    transport, _ = await loop.create_connection(
                   ^^^^^^^^^^^^^^^^^^^^^^^^^^^^^
  File "/home/jules/.pyenv/versions/3.12.13/lib/python3.12/asyncio/base_events.py", line 1140, in create_connection
    raise OSError('Multiple exceptions: {}'.format(
OSError: Multiple exceptions: [Errno 111] Connect call failed ('::1', 6379, 0, 0), [Errno 111] Connect call failed ('127.0.0.1', 6379)

During handling of the above exception, another exception occurred:

Traceback (most recent call last):
  File "/home/jules/.pyenv/versions/3.12.13/lib/python3.12/site-packages/quart/app.py", line 1464, in handle_request
    return await self.full_dispatch_request(request_context)
           ^^^^^^^^^^^^^^^^^^^^^^^^^^^^^^^^^^^^^^^^^^^^^^^^^
  File "/home/jules/.pyenv/versions/3.12.13/lib/python3.12/site-packages/quart/app.py", line 1502, in full_dispatch_request
    result = await self.handle_user_exception(error)
             ^^^^^^^^^^^^^^^^^^^^^^^^^^^^^^^^^^^^^^^
  File "/home/jules/.pyenv/versions/3.12.13/lib/python3.12/site-packages/quart/app.py", line 1059, in handle_user_exception
    raise error
  File "/home/jules/.pyenv/versions/3.12.13/lib/python3.12/site-packages/quart/app.py", line 1500, in full_dispatch_request
    result = await self.dispatch_request(request_context)
             ^^^^^^^^^^^^^^^^^^^^^^^^^^^^^^^^^^^^^^^^^^^^
  File "/home/jules/.pyenv/versions/3.12.13/lib/python3.12/site-packages/quart/app.py", line 1597, in dispatch_request
    return await self.ensure_async(handler)(**request_.view_args)  # type: ignore[return-value]
           ^^^^^^^^^^^^^^^^^^^^^^^^^^^^^^^^^^^^^^^^^^^^^^^^^^^^^^
  File "/app/web/main.py", line 60, in state
    living_ids = await repo.list_living()
                 ^^^^^^^^^^^^^^^^^^^^^^^^
  File "/app/storage/redis.py", line 28, in list_living
    members = await self._r.smembers(self._LIVING_SET)
              ^^^^^^^^^^^^^^^^^^^^^^^^^^^^^^^^^^^^^^^^
  File "/home/jules/.pyenv/versions/3.12.13/lib/python3.12/site-packages/redis/asyncio/client.py", line 764, in execute_command
    conn = self.connection or await pool.get_connection()
                              ^^^^^^^^^^^^^^^^^^^^^^^^^^^
  File "/home/jules/.pyenv/versions/3.12.13/lib/python3.12/site-packages/redis/utils.py", line 227, in async_wrapper
    return await func(*args, **kwargs)
           ^^^^^^^^^^^^^^^^^^^^^^^^^^^
  File "/home/jules/.pyenv/versions/3.12.13/lib/python3.12/site-packages/redis/asyncio/connection.py", line 1448, in get_connection
    await self.ensure_connection(connection)
  File "/home/jules/.pyenv/versions/3.12.13/lib/python3.12/site-packages/redis/asyncio/connection.py", line 1489, in ensure_connection
    await connection.connect()
  File "/home/jules/.pyenv/versions/3.12.13/lib/python3.12/site-packages/redis/asyncio/connection.py", line 340, in connect
    await self.retry.call_with_retry(
  File "/home/jules/.pyenv/versions/3.12.13/lib/python3.12/site-packages/redis/asyncio/retry.py", line 81, in call_with_retry
    raise error
  File "/home/jules/.pyenv/versions/3.12.13/lib/python3.12/site-packages/redis/asyncio/retry.py", line 69, in call_with_retry
    return await do()
           ^^^^^^^^^^
  File "/home/jules/.pyenv/versions/3.12.13/lib/python3.12/site-packages/redis/asyncio/connection.py", line 397, in connect_check_health
    raise e
redis.exceptions.ConnectionError: Error Multiple exceptions: [Errno 111] Connect call failed ('::1', 6379, 0, 0), [Errno 111] Connect call failed ('127.0.0.1', 6379) connecting to localhost:6379.
[2026-04-15 03:57:46,006] ERROR in app: Exception on request GET /api/state
Traceback (most recent call last):
  File "/home/jules/.pyenv/versions/3.12.13/lib/python3.12/site-packages/redis/asyncio/connection.py", line 371, in connect_check_health
    await self._connect()
  File "/home/jules/.pyenv/versions/3.12.13/lib/python3.12/site-packages/redis/asyncio/connection.py", line 895, in _connect
    reader, writer = await asyncio.open_connection(
                     ^^^^^^^^^^^^^^^^^^^^^^^^^^^^^^
  File "/home/jules/.pyenv/versions/3.12.13/lib/python3.12/asyncio/streams.py", line 48, in open_connection
    transport, _ = await loop.create_connection(
                   ^^^^^^^^^^^^^^^^^^^^^^^^^^^^^
  File "/home/jules/.pyenv/versions/3.12.13/lib/python3.12/asyncio/base_events.py", line 1140, in create_connection
    raise OSError('Multiple exceptions: {}'.format(
OSError: Multiple exceptions: [Errno 111] Connect call failed ('::1', 6379, 0, 0), [Errno 111] Connect call failed ('127.0.0.1', 6379)

During handling of the above exception, another exception occurred:

Traceback (most recent call last):
  File "/home/jules/.pyenv/versions/3.12.13/lib/python3.12/site-packages/quart/app.py", line 1464, in handle_request
    return await self.full_dispatch_request(request_context)
           ^^^^^^^^^^^^^^^^^^^^^^^^^^^^^^^^^^^^^^^^^^^^^^^^^
  File "/home/jules/.pyenv/versions/3.12.13/lib/python3.12/site-packages/quart/app.py", line 1502, in full_dispatch_request
    result = await self.handle_user_exception(error)
             ^^^^^^^^^^^^^^^^^^^^^^^^^^^^^^^^^^^^^^^
  File "/home/jules/.pyenv/versions/3.12.13/lib/python3.12/site-packages/quart/app.py", line 1059, in handle_user_exception
    raise error
  File "/home/jules/.pyenv/versions/3.12.13/lib/python3.12/site-packages/quart/app.py", line 1500, in full_dispatch_request
    result = await self.dispatch_request(request_context)
             ^^^^^^^^^^^^^^^^^^^^^^^^^^^^^^^^^^^^^^^^^^^^
  File "/home/jules/.pyenv/versions/3.12.13/lib/python3.12/site-packages/quart/app.py", line 1597, in dispatch_request
    return await self.ensure_async(handler)(**request_.view_args)  # type: ignore[return-value]
           ^^^^^^^^^^^^^^^^^^^^^^^^^^^^^^^^^^^^^^^^^^^^^^^^^^^^^^
  File "/app/web/main.py", line 60, in state
    living_ids = await repo.list_living()
                 ^^^^^^^^^^^^^^^^^^^^^^^^
  File "/app/storage/redis.py", line 28, in list_living
    members = await self._r.smembers(self._LIVING_SET)
              ^^^^^^^^^^^^^^^^^^^^^^^^^^^^^^^^^^^^^^^^
  File "/home/jules/.pyenv/versions/3.12.13/lib/python3.12/site-packages/redis/asyncio/client.py", line 764, in execute_command
    conn = self.connection or await pool.get_connection()
                              ^^^^^^^^^^^^^^^^^^^^^^^^^^^
  File "/home/jules/.pyenv/versions/3.12.13/lib/python3.12/site-packages/redis/utils.py", line 227, in async_wrapper
    return await func(*args, **kwargs)
           ^^^^^^^^^^^^^^^^^^^^^^^^^^^
  File "/home/jules/.pyenv/versions/3.12.13/lib/python3.12/site-packages/redis/asyncio/connection.py", line 1448, in get_connection
    await self.ensure_connection(connection)
  File "/home/jules/.pyenv/versions/3.12.13/lib/python3.12/site-packages/redis/asyncio/connection.py", line 1489, in ensure_connection
    await connection.connect()
  File "/home/jules/.pyenv/versions/3.12.13/lib/python3.12/site-packages/redis/asyncio/connection.py", line 340, in connect
    await self.retry.call_with_retry(
  File "/home/jules/.pyenv/versions/3.12.13/lib/python3.12/site-packages/redis/asyncio/retry.py", line 81, in call_with_retry
    raise error
  File "/home/jules/.pyenv/versions/3.12.13/lib/python3.12/site-packages/redis/asyncio/retry.py", line 69, in call_with_retry
    return await do()
           ^^^^^^^^^^
  File "/home/jules/.pyenv/versions/3.12.13/lib/python3.12/site-packages/redis/asyncio/connection.py", line 397, in connect_check_health
    raise e
redis.exceptions.ConnectionError: Error Multiple exceptions: [Errno 111] Connect call failed ('::1', 6379, 0, 0), [Errno 111] Connect call failed ('127.0.0.1', 6379) connecting to localhost:6379.
[2026-04-15 03:57:48,006] ERROR in app: Exception on request GET /api/state
Traceback (most recent call last):
  File "/home/jules/.pyenv/versions/3.12.13/lib/python3.12/site-packages/redis/asyncio/connection.py", line 371, in connect_check_health
    await self._connect()
  File "/home/jules/.pyenv/versions/3.12.13/lib/python3.12/site-packages/redis/asyncio/connection.py", line 895, in _connect
    reader, writer = await asyncio.open_connection(
                     ^^^^^^^^^^^^^^^^^^^^^^^^^^^^^^
  File "/home/jules/.pyenv/versions/3.12.13/lib/python3.12/asyncio/streams.py", line 48, in open_connection
    transport, _ = await loop.create_connection(
                   ^^^^^^^^^^^^^^^^^^^^^^^^^^^^^
  File "/home/jules/.pyenv/versions/3.12.13/lib/python3.12/asyncio/base_events.py", line 1140, in create_connection
    raise OSError('Multiple exceptions: {}'.format(
OSError: Multiple exceptions: [Errno 111] Connect call failed ('::1', 6379, 0, 0), [Errno 111] Connect call failed ('127.0.0.1', 6379)

During handling of the above exception, another exception occurred:

Traceback (most recent call last):
  File "/home/jules/.pyenv/versions/3.12.13/lib/python3.12/site-packages/quart/app.py", line 1464, in handle_request
    return await self.full_dispatch_request(request_context)
           ^^^^^^^^^^^^^^^^^^^^^^^^^^^^^^^^^^^^^^^^^^^^^^^^^
  File "/home/jules/.pyenv/versions/3.12.13/lib/python3.12/site-packages/quart/app.py", line 1502, in full_dispatch_request
    result = await self.handle_user_exception(error)
             ^^^^^^^^^^^^^^^^^^^^^^^^^^^^^^^^^^^^^^^
  File "/home/jules/.pyenv/versions/3.12.13/lib/python3.12/site-packages/quart/app.py", line 1059, in handle_user_exception
    raise error
  File "/home/jules/.pyenv/versions/3.12.13/lib/python3.12/site-packages/quart/app.py", line 1500, in full_dispatch_request
    result = await self.dispatch_request(request_context)
             ^^^^^^^^^^^^^^^^^^^^^^^^^^^^^^^^^^^^^^^^^^^^
  File "/home/jules/.pyenv/versions/3.12.13/lib/python3.12/site-packages/quart/app.py", line 1597, in dispatch_request
    return await self.ensure_async(handler)(**request_.view_args)  # type: ignore[return-value]
           ^^^^^^^^^^^^^^^^^^^^^^^^^^^^^^^^^^^^^^^^^^^^^^^^^^^^^^
  File "/app/web/main.py", line 60, in state
    living_ids = await repo.list_living()
                 ^^^^^^^^^^^^^^^^^^^^^^^^
  File "/app/storage/redis.py", line 28, in list_living
    members = await self._r.smembers(self._LIVING_SET)
              ^^^^^^^^^^^^^^^^^^^^^^^^^^^^^^^^^^^^^^^^
  File "/home/jules/.pyenv/versions/3.12.13/lib/python3.12/site-packages/redis/asyncio/client.py", line 764, in execute_command
    conn = self.connection or await pool.get_connection()
                              ^^^^^^^^^^^^^^^^^^^^^^^^^^^
  File "/home/jules/.pyenv/versions/3.12.13/lib/python3.12/site-packages/redis/utils.py", line 227, in async_wrapper
    return await func(*args, **kwargs)
           ^^^^^^^^^^^^^^^^^^^^^^^^^^^
  File "/home/jules/.pyenv/versions/3.12.13/lib/python3.12/site-packages/redis/asyncio/connection.py", line 1448, in get_connection
    await self.ensure_connection(connection)
  File "/home/jules/.pyenv/versions/3.12.13/lib/python3.12/site-packages/redis/asyncio/connection.py", line 1489, in ensure_connection
    await connection.connect()
  File "/home/jules/.pyenv/versions/3.12.13/lib/python3.12/site-packages/redis/asyncio/connection.py", line 340, in connect
    await self.retry.call_with_retry(
  File "/home/jules/.pyenv/versions/3.12.13/lib/python3.12/site-packages/redis/asyncio/retry.py", line 81, in call_with_retry
    raise error
  File "/home/jules/.pyenv/versions/3.12.13/lib/python3.12/site-packages/redis/asyncio/retry.py", line 69, in call_with_retry
    return await do()
           ^^^^^^^^^^
  File "/home/jules/.pyenv/versions/3.12.13/lib/python3.12/site-packages/redis/asyncio/connection.py", line 397, in connect_check_health
    raise e
redis.exceptions.ConnectionError: Error Multiple exceptions: [Errno 111] Connect call failed ('::1', 6379, 0, 0), [Errno 111] Connect call failed ('127.0.0.1', 6379) connecting to localhost:6379.
[2026-04-15 03:57:50,007] ERROR in app: Exception on request GET /api/state
Traceback (most recent call last):
  File "/home/jules/.pyenv/versions/3.12.13/lib/python3.12/site-packages/redis/asyncio/connection.py", line 371, in connect_check_health
    await self._connect()
  File "/home/jules/.pyenv/versions/3.12.13/lib/python3.12/site-packages/redis/asyncio/connection.py", line 895, in _connect
    reader, writer = await asyncio.open_connection(
                     ^^^^^^^^^^^^^^^^^^^^^^^^^^^^^^
  File "/home/jules/.pyenv/versions/3.12.13/lib/python3.12/asyncio/streams.py", line 48, in open_connection
    transport, _ = await loop.create_connection(
                   ^^^^^^^^^^^^^^^^^^^^^^^^^^^^^
  File "/home/jules/.pyenv/versions/3.12.13/lib/python3.12/asyncio/base_events.py", line 1140, in create_connection
    raise OSError('Multiple exceptions: {}'.format(
OSError: Multiple exceptions: [Errno 111] Connect call failed ('::1', 6379, 0, 0), [Errno 111] Connect call failed ('127.0.0.1', 6379)

During handling of the above exception, another exception occurred:

Traceback (most recent call last):
  File "/home/jules/.pyenv/versions/3.12.13/lib/python3.12/site-packages/quart/app.py", line 1464, in handle_request
    return await self.full_dispatch_request(request_context)
           ^^^^^^^^^^^^^^^^^^^^^^^^^^^^^^^^^^^^^^^^^^^^^^^^^
  File "/home/jules/.pyenv/versions/3.12.13/lib/python3.12/site-packages/quart/app.py", line 1502, in full_dispatch_request
    result = await self.handle_user_exception(error)
             ^^^^^^^^^^^^^^^^^^^^^^^^^^^^^^^^^^^^^^^
  File "/home/jules/.pyenv/versions/3.12.13/lib/python3.12/site-packages/quart/app.py", line 1059, in handle_user_exception
    raise error
  File "/home/jules/.pyenv/versions/3.12.13/lib/python3.12/site-packages/quart/app.py", line 1500, in full_dispatch_request
    result = await self.dispatch_request(request_context)
             ^^^^^^^^^^^^^^^^^^^^^^^^^^^^^^^^^^^^^^^^^^^^
  File "/home/jules/.pyenv/versions/3.12.13/lib/python3.12/site-packages/quart/app.py", line 1597, in dispatch_request
    return await self.ensure_async(handler)(**request_.view_args)  # type: ignore[return-value]
           ^^^^^^^^^^^^^^^^^^^^^^^^^^^^^^^^^^^^^^^^^^^^^^^^^^^^^^
  File "/app/web/main.py", line 60, in state
    living_ids = await repo.list_living()
                 ^^^^^^^^^^^^^^^^^^^^^^^^
  File "/app/storage/redis.py", line 28, in list_living
    members = await self._r.smembers(self._LIVING_SET)
              ^^^^^^^^^^^^^^^^^^^^^^^^^^^^^^^^^^^^^^^^
  File "/home/jules/.pyenv/versions/3.12.13/lib/python3.12/site-packages/redis/asyncio/client.py", line 764, in execute_command
    conn = self.connection or await pool.get_connection()
                              ^^^^^^^^^^^^^^^^^^^^^^^^^^^
  File "/home/jules/.pyenv/versions/3.12.13/lib/python3.12/site-packages/redis/utils.py", line 227, in async_wrapper
    return await func(*args, **kwargs)
           ^^^^^^^^^^^^^^^^^^^^^^^^^^^
  File "/home/jules/.pyenv/versions/3.12.13/lib/python3.12/site-packages/redis/asyncio/connection.py", line 1448, in get_connection
    await self.ensure_connection(connection)
  File "/home/jules/.pyenv/versions/3.12.13/lib/python3.12/site-packages/redis/asyncio/connection.py", line 1489, in ensure_connection
    await connection.connect()
  File "/home/jules/.pyenv/versions/3.12.13/lib/python3.12/site-packages/redis/asyncio/connection.py", line 340, in connect
    await self.retry.call_with_retry(
  File "/home/jules/.pyenv/versions/3.12.13/lib/python3.12/site-packages/redis/asyncio/retry.py", line 81, in call_with_retry
    raise error
  File "/home/jules/.pyenv/versions/3.12.13/lib/python3.12/site-packages/redis/asyncio/retry.py", line 69, in call_with_retry
    return await do()
           ^^^^^^^^^^
  File "/home/jules/.pyenv/versions/3.12.13/lib/python3.12/site-packages/redis/asyncio/connection.py", line 397, in connect_check_health
    raise e
redis.exceptions.ConnectionError: Error Multiple exceptions: [Errno 111] Connect call failed ('::1', 6379, 0, 0), [Errno 111] Connect call failed ('127.0.0.1', 6379) connecting to localhost:6379.
[2026-04-15 03:57:52,006] ERROR in app: Exception on request GET /api/state
Traceback (most recent call last):
  File "/home/jules/.pyenv/versions/3.12.13/lib/python3.12/site-packages/redis/asyncio/connection.py", line 371, in connect_check_health
    await self._connect()
  File "/home/jules/.pyenv/versions/3.12.13/lib/python3.12/site-packages/redis/asyncio/connection.py", line 895, in _connect
    reader, writer = await asyncio.open_connection(
                     ^^^^^^^^^^^^^^^^^^^^^^^^^^^^^^
  File "/home/jules/.pyenv/versions/3.12.13/lib/python3.12/asyncio/streams.py", line 48, in open_connection
    transport, _ = await loop.create_connection(
                   ^^^^^^^^^^^^^^^^^^^^^^^^^^^^^
  File "/home/jules/.pyenv/versions/3.12.13/lib/python3.12/asyncio/base_events.py", line 1140, in create_connection
    raise OSError('Multiple exceptions: {}'.format(
OSError: Multiple exceptions: [Errno 111] Connect call failed ('::1', 6379, 0, 0), [Errno 111] Connect call failed ('127.0.0.1', 6379)

During handling of the above exception, another exception occurred:

Traceback (most recent call last):
  File "/home/jules/.pyenv/versions/3.12.13/lib/python3.12/site-packages/quart/app.py", line 1464, in handle_request
    return await self.full_dispatch_request(request_context)
           ^^^^^^^^^^^^^^^^^^^^^^^^^^^^^^^^^^^^^^^^^^^^^^^^^
  File "/home/jules/.pyenv/versions/3.12.13/lib/python3.12/site-packages/quart/app.py", line 1502, in full_dispatch_request
    result = await self.handle_user_exception(error)
             ^^^^^^^^^^^^^^^^^^^^^^^^^^^^^^^^^^^^^^^
  File "/home/jules/.pyenv/versions/3.12.13/lib/python3.12/site-packages/quart/app.py", line 1059, in handle_user_exception
    raise error
  File "/home/jules/.pyenv/versions/3.12.13/lib/python3.12/site-packages/quart/app.py", line 1500, in full_dispatch_request
    result = await self.dispatch_request(request_context)
             ^^^^^^^^^^^^^^^^^^^^^^^^^^^^^^^^^^^^^^^^^^^^
  File "/home/jules/.pyenv/versions/3.12.13/lib/python3.12/site-packages/quart/app.py", line 1597, in dispatch_request
    return await self.ensure_async(handler)(**request_.view_args)  # type: ignore[return-value]
           ^^^^^^^^^^^^^^^^^^^^^^^^^^^^^^^^^^^^^^^^^^^^^^^^^^^^^^
  File "/app/web/main.py", line 60, in state
    living_ids = await repo.list_living()
                 ^^^^^^^^^^^^^^^^^^^^^^^^
  File "/app/storage/redis.py", line 28, in list_living
    members = await self._r.smembers(self._LIVING_SET)
              ^^^^^^^^^^^^^^^^^^^^^^^^^^^^^^^^^^^^^^^^
  File "/home/jules/.pyenv/versions/3.12.13/lib/python3.12/site-packages/redis/asyncio/client.py", line 764, in execute_command
    conn = self.connection or await pool.get_connection()
                              ^^^^^^^^^^^^^^^^^^^^^^^^^^^
  File "/home/jules/.pyenv/versions/3.12.13/lib/python3.12/site-packages/redis/utils.py", line 227, in async_wrapper
    return await func(*args, **kwargs)
           ^^^^^^^^^^^^^^^^^^^^^^^^^^^
  File "/home/jules/.pyenv/versions/3.12.13/lib/python3.12/site-packages/redis/asyncio/connection.py", line 1448, in get_connection
    await self.ensure_connection(connection)
  File "/home/jules/.pyenv/versions/3.12.13/lib/python3.12/site-packages/redis/asyncio/connection.py", line 1489, in ensure_connection
    await connection.connect()
  File "/home/jules/.pyenv/versions/3.12.13/lib/python3.12/site-packages/redis/asyncio/connection.py", line 340, in connect
    await self.retry.call_with_retry(
  File "/home/jules/.pyenv/versions/3.12.13/lib/python3.12/site-packages/redis/asyncio/retry.py", line 81, in call_with_retry
    raise error
  File "/home/jules/.pyenv/versions/3.12.13/lib/python3.12/site-packages/redis/asyncio/retry.py", line 69, in call_with_retry
    return await do()
           ^^^^^^^^^^
  File "/home/jules/.pyenv/versions/3.12.13/lib/python3.12/site-packages/redis/asyncio/connection.py", line 397, in connect_check_health
    raise e
redis.exceptions.ConnectionError: Error Multiple exceptions: [Errno 111] Connect call failed ('::1', 6379, 0, 0), [Errno 111] Connect call failed ('127.0.0.1', 6379) connecting to localhost:6379.
[2026-04-15 03:57:54,006] ERROR in app: Exception on request GET /api/state
Traceback (most recent call last):
  File "/home/jules/.pyenv/versions/3.12.13/lib/python3.12/site-packages/redis/asyncio/connection.py", line 371, in connect_check_health
    await self._connect()
  File "/home/jules/.pyenv/versions/3.12.13/lib/python3.12/site-packages/redis/asyncio/connection.py", line 895, in _connect
    reader, writer = await asyncio.open_connection(
                     ^^^^^^^^^^^^^^^^^^^^^^^^^^^^^^
  File "/home/jules/.pyenv/versions/3.12.13/lib/python3.12/asyncio/streams.py", line 48, in open_connection
    transport, _ = await loop.create_connection(
                   ^^^^^^^^^^^^^^^^^^^^^^^^^^^^^
  File "/home/jules/.pyenv/versions/3.12.13/lib/python3.12/asyncio/base_events.py", line 1140, in create_connection
    raise OSError('Multiple exceptions: {}'.format(
OSError: Multiple exceptions: [Errno 111] Connect call failed ('::1', 6379, 0, 0), [Errno 111] Connect call failed ('127.0.0.1', 6379)

During handling of the above exception, another exception occurred:

Traceback (most recent call last):
  File "/home/jules/.pyenv/versions/3.12.13/lib/python3.12/site-packages/quart/app.py", line 1464, in handle_request
    return await self.full_dispatch_request(request_context)
           ^^^^^^^^^^^^^^^^^^^^^^^^^^^^^^^^^^^^^^^^^^^^^^^^^
  File "/home/jules/.pyenv/versions/3.12.13/lib/python3.12/site-packages/quart/app.py", line 1502, in full_dispatch_request
    result = await self.handle_user_exception(error)
             ^^^^^^^^^^^^^^^^^^^^^^^^^^^^^^^^^^^^^^^
  File "/home/jules/.pyenv/versions/3.12.13/lib/python3.12/site-packages/quart/app.py", line 1059, in handle_user_exception
    raise error
  File "/home/jules/.pyenv/versions/3.12.13/lib/python3.12/site-packages/quart/app.py", line 1500, in full_dispatch_request
    result = await self.dispatch_request(request_context)
             ^^^^^^^^^^^^^^^^^^^^^^^^^^^^^^^^^^^^^^^^^^^^
  File "/home/jules/.pyenv/versions/3.12.13/lib/python3.12/site-packages/quart/app.py", line 1597, in dispatch_request
    return await self.ensure_async(handler)(**request_.view_args)  # type: ignore[return-value]
           ^^^^^^^^^^^^^^^^^^^^^^^^^^^^^^^^^^^^^^^^^^^^^^^^^^^^^^
  File "/app/web/main.py", line 60, in state
    living_ids = await repo.list_living()
                 ^^^^^^^^^^^^^^^^^^^^^^^^
  File "/app/storage/redis.py", line 28, in list_living
    members = await self._r.smembers(self._LIVING_SET)
              ^^^^^^^^^^^^^^^^^^^^^^^^^^^^^^^^^^^^^^^^
  File "/home/jules/.pyenv/versions/3.12.13/lib/python3.12/site-packages/redis/asyncio/client.py", line 764, in execute_command
    conn = self.connection or await pool.get_connection()
                              ^^^^^^^^^^^^^^^^^^^^^^^^^^^
  File "/home/jules/.pyenv/versions/3.12.13/lib/python3.12/site-packages/redis/utils.py", line 227, in async_wrapper
    return await func(*args, **kwargs)
           ^^^^^^^^^^^^^^^^^^^^^^^^^^^
  File "/home/jules/.pyenv/versions/3.12.13/lib/python3.12/site-packages/redis/asyncio/connection.py", line 1448, in get_connection
    await self.ensure_connection(connection)
  File "/home/jules/.pyenv/versions/3.12.13/lib/python3.12/site-packages/redis/asyncio/connection.py", line 1489, in ensure_connection
    await connection.connect()
  File "/home/jules/.pyenv/versions/3.12.13/lib/python3.12/site-packages/redis/asyncio/connection.py", line 340, in connect
    await self.retry.call_with_retry(
  File "/home/jules/.pyenv/versions/3.12.13/lib/python3.12/site-packages/redis/asyncio/retry.py", line 81, in call_with_retry
    raise error
  File "/home/jules/.pyenv/versions/3.12.13/lib/python3.12/site-packages/redis/asyncio/retry.py", line 69, in call_with_retry
    return await do()
           ^^^^^^^^^^
  File "/home/jules/.pyenv/versions/3.12.13/lib/python3.12/site-packages/redis/asyncio/connection.py", line 397, in connect_check_health
    raise e
redis.exceptions.ConnectionError: Error Multiple exceptions: [Errno 111] Connect call failed ('::1', 6379, 0, 0), [Errno 111] Connect call failed ('127.0.0.1', 6379) connecting to localhost:6379.
[2026-04-15 03:57:56,006] ERROR in app: Exception on request GET /api/state
Traceback (most recent call last):
  File "/home/jules/.pyenv/versions/3.12.13/lib/python3.12/site-packages/redis/asyncio/connection.py", line 371, in connect_check_health
    await self._connect()
  File "/home/jules/.pyenv/versions/3.12.13/lib/python3.12/site-packages/redis/asyncio/connection.py", line 895, in _connect
    reader, writer = await asyncio.open_connection(
                     ^^^^^^^^^^^^^^^^^^^^^^^^^^^^^^
  File "/home/jules/.pyenv/versions/3.12.13/lib/python3.12/asyncio/streams.py", line 48, in open_connection
    transport, _ = await loop.create_connection(
                   ^^^^^^^^^^^^^^^^^^^^^^^^^^^^^
  File "/home/jules/.pyenv/versions/3.12.13/lib/python3.12/asyncio/base_events.py", line 1140, in create_connection
    raise OSError('Multiple exceptions: {}'.format(
OSError: Multiple exceptions: [Errno 111] Connect call failed ('::1', 6379, 0, 0), [Errno 111] Connect call failed ('127.0.0.1', 6379)

During handling of the above exception, another exception occurred:

Traceback (most recent call last):
  File "/home/jules/.pyenv/versions/3.12.13/lib/python3.12/site-packages/quart/app.py", line 1464, in handle_request
    return await self.full_dispatch_request(request_context)
           ^^^^^^^^^^^^^^^^^^^^^^^^^^^^^^^^^^^^^^^^^^^^^^^^^
  File "/home/jules/.pyenv/versions/3.12.13/lib/python3.12/site-packages/quart/app.py", line 1502, in full_dispatch_request
    result = await self.handle_user_exception(error)
             ^^^^^^^^^^^^^^^^^^^^^^^^^^^^^^^^^^^^^^^
  File "/home/jules/.pyenv/versions/3.12.13/lib/python3.12/site-packages/quart/app.py", line 1059, in handle_user_exception
    raise error
  File "/home/jules/.pyenv/versions/3.12.13/lib/python3.12/site-packages/quart/app.py", line 1500, in full_dispatch_request
    result = await self.dispatch_request(request_context)
             ^^^^^^^^^^^^^^^^^^^^^^^^^^^^^^^^^^^^^^^^^^^^
  File "/home/jules/.pyenv/versions/3.12.13/lib/python3.12/site-packages/quart/app.py", line 1597, in dispatch_request
    return await self.ensure_async(handler)(**request_.view_args)  # type: ignore[return-value]
           ^^^^^^^^^^^^^^^^^^^^^^^^^^^^^^^^^^^^^^^^^^^^^^^^^^^^^^
  File "/app/web/main.py", line 60, in state
    living_ids = await repo.list_living()
                 ^^^^^^^^^^^^^^^^^^^^^^^^
  File "/app/storage/redis.py", line 28, in list_living
    members = await self._r.smembers(self._LIVING_SET)
              ^^^^^^^^^^^^^^^^^^^^^^^^^^^^^^^^^^^^^^^^
  File "/home/jules/.pyenv/versions/3.12.13/lib/python3.12/site-packages/redis/asyncio/client.py", line 764, in execute_command
    conn = self.connection or await pool.get_connection()
                              ^^^^^^^^^^^^^^^^^^^^^^^^^^^
  File "/home/jules/.pyenv/versions/3.12.13/lib/python3.12/site-packages/redis/utils.py", line 227, in async_wrapper
    return await func(*args, **kwargs)
           ^^^^^^^^^^^^^^^^^^^^^^^^^^^
  File "/home/jules/.pyenv/versions/3.12.13/lib/python3.12/site-packages/redis/asyncio/connection.py", line 1448, in get_connection
    await self.ensure_connection(connection)
  File "/home/jules/.pyenv/versions/3.12.13/lib/python3.12/site-packages/redis/asyncio/connection.py", line 1489, in ensure_connection
    await connection.connect()
  File "/home/jules/.pyenv/versions/3.12.13/lib/python3.12/site-packages/redis/asyncio/connection.py", line 340, in connect
    await self.retry.call_with_retry(
  File "/home/jules/.pyenv/versions/3.12.13/lib/python3.12/site-packages/redis/asyncio/retry.py", line 81, in call_with_retry
    raise error
  File "/home/jules/.pyenv/versions/3.12.13/lib/python3.12/site-packages/redis/asyncio/retry.py", line 69, in call_with_retry
    return await do()
           ^^^^^^^^^^
  File "/home/jules/.pyenv/versions/3.12.13/lib/python3.12/site-packages/redis/asyncio/connection.py", line 397, in connect_check_health
    raise e
redis.exceptions.ConnectionError: Error Multiple exceptions: [Errno 111] Connect call failed ('::1', 6379, 0, 0), [Errno 111] Connect call failed ('127.0.0.1', 6379) connecting to localhost:6379.
[2026-04-15 03:57:58,008] ERROR in app: Exception on request GET /api/state
Traceback (most recent call last):
  File "/home/jules/.pyenv/versions/3.12.13/lib/python3.12/site-packages/redis/asyncio/connection.py", line 371, in connect_check_health
    await self._connect()
  File "/home/jules/.pyenv/versions/3.12.13/lib/python3.12/site-packages/redis/asyncio/connection.py", line 895, in _connect
    reader, writer = await asyncio.open_connection(
                     ^^^^^^^^^^^^^^^^^^^^^^^^^^^^^^
  File "/home/jules/.pyenv/versions/3.12.13/lib/python3.12/asyncio/streams.py", line 48, in open_connection
    transport, _ = await loop.create_connection(
                   ^^^^^^^^^^^^^^^^^^^^^^^^^^^^^
  File "/home/jules/.pyenv/versions/3.12.13/lib/python3.12/asyncio/base_events.py", line 1140, in create_connection
    raise OSError('Multiple exceptions: {}'.format(
OSError: Multiple exceptions: [Errno 111] Connect call failed ('::1', 6379, 0, 0), [Errno 111] Connect call failed ('127.0.0.1', 6379)

During handling of the above exception, another exception occurred:

Traceback (most recent call last):
  File "/home/jules/.pyenv/versions/3.12.13/lib/python3.12/site-packages/quart/app.py", line 1464, in handle_request
    return await self.full_dispatch_request(request_context)
           ^^^^^^^^^^^^^^^^^^^^^^^^^^^^^^^^^^^^^^^^^^^^^^^^^
  File "/home/jules/.pyenv/versions/3.12.13/lib/python3.12/site-packages/quart/app.py", line 1502, in full_dispatch_request
    result = await self.handle_user_exception(error)
             ^^^^^^^^^^^^^^^^^^^^^^^^^^^^^^^^^^^^^^^
  File "/home/jules/.pyenv/versions/3.12.13/lib/python3.12/site-packages/quart/app.py", line 1059, in handle_user_exception
    raise error
  File "/home/jules/.pyenv/versions/3.12.13/lib/python3.12/site-packages/quart/app.py", line 1500, in full_dispatch_request
    result = await self.dispatch_request(request_context)
             ^^^^^^^^^^^^^^^^^^^^^^^^^^^^^^^^^^^^^^^^^^^^
  File "/home/jules/.pyenv/versions/3.12.13/lib/python3.12/site-packages/quart/app.py", line 1597, in dispatch_request
    return await self.ensure_async(handler)(**request_.view_args)  # type: ignore[return-value]
           ^^^^^^^^^^^^^^^^^^^^^^^^^^^^^^^^^^^^^^^^^^^^^^^^^^^^^^
  File "/app/web/main.py", line 60, in state
    living_ids = await repo.list_living()
                 ^^^^^^^^^^^^^^^^^^^^^^^^
  File "/app/storage/redis.py", line 28, in list_living
    members = await self._r.smembers(self._LIVING_SET)
              ^^^^^^^^^^^^^^^^^^^^^^^^^^^^^^^^^^^^^^^^
  File "/home/jules/.pyenv/versions/3.12.13/lib/python3.12/site-packages/redis/asyncio/client.py", line 764, in execute_command
    conn = self.connection or await pool.get_connection()
                              ^^^^^^^^^^^^^^^^^^^^^^^^^^^
  File "/home/jules/.pyenv/versions/3.12.13/lib/python3.12/site-packages/redis/utils.py", line 227, in async_wrapper
    return await func(*args, **kwargs)
           ^^^^^^^^^^^^^^^^^^^^^^^^^^^
  File "/home/jules/.pyenv/versions/3.12.13/lib/python3.12/site-packages/redis/asyncio/connection.py", line 1448, in get_connection
    await self.ensure_connection(connection)
  File "/home/jules/.pyenv/versions/3.12.13/lib/python3.12/site-packages/redis/asyncio/connection.py", line 1489, in ensure_connection
    await connection.connect()
  File "/home/jules/.pyenv/versions/3.12.13/lib/python3.12/site-packages/redis/asyncio/connection.py", line 340, in connect
    await self.retry.call_with_retry(
  File "/home/jules/.pyenv/versions/3.12.13/lib/python3.12/site-packages/redis/asyncio/retry.py", line 81, in call_with_retry
    raise error
  File "/home/jules/.pyenv/versions/3.12.13/lib/python3.12/site-packages/redis/asyncio/retry.py", line 69, in call_with_retry
    return await do()
           ^^^^^^^^^^
  File "/home/jules/.pyenv/versions/3.12.13/lib/python3.12/site-packages/redis/asyncio/connection.py", line 397, in connect_check_health
    raise e
redis.exceptions.ConnectionError: Error Multiple exceptions: [Errno 111] Connect call failed ('::1', 6379, 0, 0), [Errno 111] Connect call failed ('127.0.0.1', 6379) connecting to localhost:6379.
[2026-04-15 03:58:00,006] ERROR in app: Exception on request GET /api/state
Traceback (most recent call last):
  File "/home/jules/.pyenv/versions/3.12.13/lib/python3.12/site-packages/redis/asyncio/connection.py", line 371, in connect_check_health
    await self._connect()
  File "/home/jules/.pyenv/versions/3.12.13/lib/python3.12/site-packages/redis/asyncio/connection.py", line 895, in _connect
    reader, writer = await asyncio.open_connection(
                     ^^^^^^^^^^^^^^^^^^^^^^^^^^^^^^
  File "/home/jules/.pyenv/versions/3.12.13/lib/python3.12/asyncio/streams.py", line 48, in open_connection
    transport, _ = await loop.create_connection(
                   ^^^^^^^^^^^^^^^^^^^^^^^^^^^^^
  File "/home/jules/.pyenv/versions/3.12.13/lib/python3.12/asyncio/base_events.py", line 1140, in create_connection
    raise OSError('Multiple exceptions: {}'.format(
OSError: Multiple exceptions: [Errno 111] Connect call failed ('::1', 6379, 0, 0), [Errno 111] Connect call failed ('127.0.0.1', 6379)

During handling of the above exception, another exception occurred:

Traceback (most recent call last):
  File "/home/jules/.pyenv/versions/3.12.13/lib/python3.12/site-packages/quart/app.py", line 1464, in handle_request
    return await self.full_dispatch_request(request_context)
           ^^^^^^^^^^^^^^^^^^^^^^^^^^^^^^^^^^^^^^^^^^^^^^^^^
  File "/home/jules/.pyenv/versions/3.12.13/lib/python3.12/site-packages/quart/app.py", line 1502, in full_dispatch_request
    result = await self.handle_user_exception(error)
             ^^^^^^^^^^^^^^^^^^^^^^^^^^^^^^^^^^^^^^^
  File "/home/jules/.pyenv/versions/3.12.13/lib/python3.12/site-packages/quart/app.py", line 1059, in handle_user_exception
    raise error
  File "/home/jules/.pyenv/versions/3.12.13/lib/python3.12/site-packages/quart/app.py", line 1500, in full_dispatch_request
    result = await self.dispatch_request(request_context)
             ^^^^^^^^^^^^^^^^^^^^^^^^^^^^^^^^^^^^^^^^^^^^
  File "/home/jules/.pyenv/versions/3.12.13/lib/python3.12/site-packages/quart/app.py", line 1597, in dispatch_request
    return await self.ensure_async(handler)(**request_.view_args)  # type: ignore[return-value]
           ^^^^^^^^^^^^^^^^^^^^^^^^^^^^^^^^^^^^^^^^^^^^^^^^^^^^^^
  File "/app/web/main.py", line 60, in state
    living_ids = await repo.list_living()
                 ^^^^^^^^^^^^^^^^^^^^^^^^
  File "/app/storage/redis.py", line 28, in list_living
    members = await self._r.smembers(self._LIVING_SET)
              ^^^^^^^^^^^^^^^^^^^^^^^^^^^^^^^^^^^^^^^^
  File "/home/jules/.pyenv/versions/3.12.13/lib/python3.12/site-packages/redis/asyncio/client.py", line 764, in execute_command
    conn = self.connection or await pool.get_connection()
                              ^^^^^^^^^^^^^^^^^^^^^^^^^^^
  File "/home/jules/.pyenv/versions/3.12.13/lib/python3.12/site-packages/redis/utils.py", line 227, in async_wrapper
    return await func(*args, **kwargs)
           ^^^^^^^^^^^^^^^^^^^^^^^^^^^
  File "/home/jules/.pyenv/versions/3.12.13/lib/python3.12/site-packages/redis/asyncio/connection.py", line 1448, in get_connection
    await self.ensure_connection(connection)
  File "/home/jules/.pyenv/versions/3.12.13/lib/python3.12/site-packages/redis/asyncio/connection.py", line 1489, in ensure_connection
    await connection.connect()
  File "/home/jules/.pyenv/versions/3.12.13/lib/python3.12/site-packages/redis/asyncio/connection.py", line 340, in connect
    await self.retry.call_with_retry(
  File "/home/jules/.pyenv/versions/3.12.13/lib/python3.12/site-packages/redis/asyncio/retry.py", line 81, in call_with_retry
    raise error
  File "/home/jules/.pyenv/versions/3.12.13/lib/python3.12/site-packages/redis/asyncio/retry.py", line 69, in call_with_retry
    return await do()
           ^^^^^^^^^^
  File "/home/jules/.pyenv/versions/3.12.13/lib/python3.12/site-packages/redis/asyncio/connection.py", line 397, in connect_check_health
    raise e
redis.exceptions.ConnectionError: Error Multiple exceptions: [Errno 111] Connect call failed ('::1', 6379, 0, 0), [Errno 111] Connect call failed ('127.0.0.1', 6379) connecting to localhost:6379.
[2026-04-15 03:58:02,006] ERROR in app: Exception on request GET /api/state
Traceback (most recent call last):
  File "/home/jules/.pyenv/versions/3.12.13/lib/python3.12/site-packages/redis/asyncio/connection.py", line 371, in connect_check_health
    await self._connect()
  File "/home/jules/.pyenv/versions/3.12.13/lib/python3.12/site-packages/redis/asyncio/connection.py", line 895, in _connect
    reader, writer = await asyncio.open_connection(
                     ^^^^^^^^^^^^^^^^^^^^^^^^^^^^^^
  File "/home/jules/.pyenv/versions/3.12.13/lib/python3.12/asyncio/streams.py", line 48, in open_connection
    transport, _ = await loop.create_connection(
                   ^^^^^^^^^^^^^^^^^^^^^^^^^^^^^
  File "/home/jules/.pyenv/versions/3.12.13/lib/python3.12/asyncio/base_events.py", line 1140, in create_connection
    raise OSError('Multiple exceptions: {}'.format(
OSError: Multiple exceptions: [Errno 111] Connect call failed ('::1', 6379, 0, 0), [Errno 111] Connect call failed ('127.0.0.1', 6379)

During handling of the above exception, another exception occurred:

Traceback (most recent call last):
  File "/home/jules/.pyenv/versions/3.12.13/lib/python3.12/site-packages/quart/app.py", line 1464, in handle_request
    return await self.full_dispatch_request(request_context)
           ^^^^^^^^^^^^^^^^^^^^^^^^^^^^^^^^^^^^^^^^^^^^^^^^^
  File "/home/jules/.pyenv/versions/3.12.13/lib/python3.12/site-packages/quart/app.py", line 1502, in full_dispatch_request
    result = await self.handle_user_exception(error)
             ^^^^^^^^^^^^^^^^^^^^^^^^^^^^^^^^^^^^^^^
  File "/home/jules/.pyenv/versions/3.12.13/lib/python3.12/site-packages/quart/app.py", line 1059, in handle_user_exception
    raise error
  File "/home/jules/.pyenv/versions/3.12.13/lib/python3.12/site-packages/quart/app.py", line 1500, in full_dispatch_request
    result = await self.dispatch_request(request_context)
             ^^^^^^^^^^^^^^^^^^^^^^^^^^^^^^^^^^^^^^^^^^^^
  File "/home/jules/.pyenv/versions/3.12.13/lib/python3.12/site-packages/quart/app.py", line 1597, in dispatch_request
    return await self.ensure_async(handler)(**request_.view_args)  # type: ignore[return-value]
           ^^^^^^^^^^^^^^^^^^^^^^^^^^^^^^^^^^^^^^^^^^^^^^^^^^^^^^
  File "/app/web/main.py", line 60, in state
    living_ids = await repo.list_living()
                 ^^^^^^^^^^^^^^^^^^^^^^^^
  File "/app/storage/redis.py", line 28, in list_living
    members = await self._r.smembers(self._LIVING_SET)
              ^^^^^^^^^^^^^^^^^^^^^^^^^^^^^^^^^^^^^^^^
  File "/home/jules/.pyenv/versions/3.12.13/lib/python3.12/site-packages/redis/asyncio/client.py", line 764, in execute_command
    conn = self.connection or await pool.get_connection()
                              ^^^^^^^^^^^^^^^^^^^^^^^^^^^
  File "/home/jules/.pyenv/versions/3.12.13/lib/python3.12/site-packages/redis/utils.py", line 227, in async_wrapper
    return await func(*args, **kwargs)
           ^^^^^^^^^^^^^^^^^^^^^^^^^^^
  File "/home/jules/.pyenv/versions/3.12.13/lib/python3.12/site-packages/redis/asyncio/connection.py", line 1448, in get_connection
    await self.ensure_connection(connection)
  File "/home/jules/.pyenv/versions/3.12.13/lib/python3.12/site-packages/redis/asyncio/connection.py", line 1489, in ensure_connection
    await connection.connect()
  File "/home/jules/.pyenv/versions/3.12.13/lib/python3.12/site-packages/redis/asyncio/connection.py", line 340, in connect
    await self.retry.call_with_retry(
  File "/home/jules/.pyenv/versions/3.12.13/lib/python3.12/site-packages/redis/asyncio/retry.py", line 81, in call_with_retry
    raise error
  File "/home/jules/.pyenv/versions/3.12.13/lib/python3.12/site-packages/redis/asyncio/retry.py", line 69, in call_with_retry
    return await do()
           ^^^^^^^^^^
  File "/home/jules/.pyenv/versions/3.12.13/lib/python3.12/site-packages/redis/asyncio/connection.py", line 397, in connect_check_health
    raise e
redis.exceptions.ConnectionError: Error Multiple exceptions: [Errno 111] Connect call failed ('::1', 6379, 0, 0), [Errno 111] Connect call failed ('127.0.0.1', 6379) connecting to localhost:6379.
[2026-04-15 03:58:04,006] ERROR in app: Exception on request GET /api/state
Traceback (most recent call last):
  File "/home/jules/.pyenv/versions/3.12.13/lib/python3.12/site-packages/redis/asyncio/connection.py", line 371, in connect_check_health
    await self._connect()
  File "/home/jules/.pyenv/versions/3.12.13/lib/python3.12/site-packages/redis/asyncio/connection.py", line 895, in _connect
    reader, writer = await asyncio.open_connection(
                     ^^^^^^^^^^^^^^^^^^^^^^^^^^^^^^
  File "/home/jules/.pyenv/versions/3.12.13/lib/python3.12/asyncio/streams.py", line 48, in open_connection
    transport, _ = await loop.create_connection(
                   ^^^^^^^^^^^^^^^^^^^^^^^^^^^^^
  File "/home/jules/.pyenv/versions/3.12.13/lib/python3.12/asyncio/base_events.py", line 1140, in create_connection
    raise OSError('Multiple exceptions: {}'.format(
OSError: Multiple exceptions: [Errno 111] Connect call failed ('::1', 6379, 0, 0), [Errno 111] Connect call failed ('127.0.0.1', 6379)

During handling of the above exception, another exception occurred:

Traceback (most recent call last):
  File "/home/jules/.pyenv/versions/3.12.13/lib/python3.12/site-packages/quart/app.py", line 1464, in handle_request
    return await self.full_dispatch_request(request_context)
           ^^^^^^^^^^^^^^^^^^^^^^^^^^^^^^^^^^^^^^^^^^^^^^^^^
  File "/home/jules/.pyenv/versions/3.12.13/lib/python3.12/site-packages/quart/app.py", line 1502, in full_dispatch_request
    result = await self.handle_user_exception(error)
             ^^^^^^^^^^^^^^^^^^^^^^^^^^^^^^^^^^^^^^^
  File "/home/jules/.pyenv/versions/3.12.13/lib/python3.12/site-packages/quart/app.py", line 1059, in handle_user_exception
    raise error
  File "/home/jules/.pyenv/versions/3.12.13/lib/python3.12/site-packages/quart/app.py", line 1500, in full_dispatch_request
    result = await self.dispatch_request(request_context)
             ^^^^^^^^^^^^^^^^^^^^^^^^^^^^^^^^^^^^^^^^^^^^
  File "/home/jules/.pyenv/versions/3.12.13/lib/python3.12/site-packages/quart/app.py", line 1597, in dispatch_request
    return await self.ensure_async(handler)(**request_.view_args)  # type: ignore[return-value]
           ^^^^^^^^^^^^^^^^^^^^^^^^^^^^^^^^^^^^^^^^^^^^^^^^^^^^^^
  File "/app/web/main.py", line 60, in state
    living_ids = await repo.list_living()
                 ^^^^^^^^^^^^^^^^^^^^^^^^
  File "/app/storage/redis.py", line 28, in list_living
    members = await self._r.smembers(self._LIVING_SET)
              ^^^^^^^^^^^^^^^^^^^^^^^^^^^^^^^^^^^^^^^^
  File "/home/jules/.pyenv/versions/3.12.13/lib/python3.12/site-packages/redis/asyncio/client.py", line 764, in execute_command
    conn = self.connection or await pool.get_connection()
                              ^^^^^^^^^^^^^^^^^^^^^^^^^^^
  File "/home/jules/.pyenv/versions/3.12.13/lib/python3.12/site-packages/redis/utils.py", line 227, in async_wrapper
    return await func(*args, **kwargs)
           ^^^^^^^^^^^^^^^^^^^^^^^^^^^
  File "/home/jules/.pyenv/versions/3.12.13/lib/python3.12/site-packages/redis/asyncio/connection.py", line 1448, in get_connection
    await self.ensure_connection(connection)
  File "/home/jules/.pyenv/versions/3.12.13/lib/python3.12/site-packages/redis/asyncio/connection.py", line 1489, in ensure_connection
    await connection.connect()
  File "/home/jules/.pyenv/versions/3.12.13/lib/python3.12/site-packages/redis/asyncio/connection.py", line 340, in connect
    await self.retry.call_with_retry(
  File "/home/jules/.pyenv/versions/3.12.13/lib/python3.12/site-packages/redis/asyncio/retry.py", line 81, in call_with_retry
    raise error
  File "/home/jules/.pyenv/versions/3.12.13/lib/python3.12/site-packages/redis/asyncio/retry.py", line 69, in call_with_retry
    return await do()
           ^^^^^^^^^^
  File "/home/jules/.pyenv/versions/3.12.13/lib/python3.12/site-packages/redis/asyncio/connection.py", line 397, in connect_check_health
    raise e
redis.exceptions.ConnectionError: Error Multiple exceptions: [Errno 111] Connect call failed ('::1', 6379, 0, 0), [Errno 111] Connect call failed ('127.0.0.1', 6379) connecting to localhost:6379.
